$ astro build
[2m15:11:04[22m [34m[content][39m Syncing content
[2m15:11:04[22m [34m[content][39m Synced content
[2m15:11:04[22m [34m[types][39m Generated [2m154ms[22m
[2m15:11:04[22m [34m[build][39m output: [34m"static"[39m
[2m15:11:04[22m [34m[build][39m mode: [34m"static"[39m
[2m15:11:04[22m [34m[build][39m directory: [34mF:\Ulsaaham\webapp\web-app\apps\site\far-fusion\dist\[39m
[2m15:11:04[22m [34m[build][39m Collecting build info...
[2m15:11:04[22m [34m[build][39m [32m✓ Completed in 436ms.[39m
[2m15:11:04[22m [34m[build][39m Building static entrypoints...
[2m15:11:10[22m [34m[vite][39m [32m✓ built in 5.89s[39m
[2m15:11:10[22m [34m[build][39m [32m✓ Completed in 5.96s.[39m

[42m[30m building client (vite) [39m[49m
[2m15:11:10[22m [34m[vite][39m transforming...
[2m15:11:11[22m [34m[vite][39m [32m✓[39m 21 modules transformed.
[2m15:11:11[22m [34m[vite][39m rendering chunks...
[2m15:11:11[22m [34m[vite][39m computing gzip size...
[2m15:11:11[22m [34m[vite][39m [2mdist/[22m[36m_astro/client.CCqJHTmc.js  [39m[1m[2m194.63 kB[22m[1m[22m[2m │ gzip: 60.99 kB[22m
[2m15:11:11[22m [34m[vite][39m [32m✓ built in 1.29s[39m

[42m[30m generating static routes [39m[49m
[2m15:11:11[22m [32m▶[39m src/pages/index.astro
[2m15:11:11[22m   [34m└─[39m [2m/index.html[22m [2m(+65ms)[22m 
[2m15:11:11[22m [32m✓ Completed in 143ms.
[39m
 optimizing 7 images in batches of 8 
03:11:12 PM [@astrojs/image] "https://images.unsplash.com/photo-1529634898388-84d3e7f6c58b?auto=format&fit=crop&w=600&q=60" image could not be fetched
03:11:12 PM [@astrojs/image] "https://images.unsplash.com/photo-1529158062015-cad636e69505?auto=format&fit=crop&w=600&q=60" image could not be fetched
Completed in 0.97s.

[2m15:11:12[22m [34m[build][39m 1 page(s) built in [1m8.85s[22m
[2m15:11:12[22m [34m[build][39m [1mComplete![22m
